// Jest Snapshot v1, https://goo.gl/fbAQLP

exports[`breadcrumb should render 1`] = `
<div>
  <div
    class="css-2el05k"
  >
    <span>
      <a
        href="/"
      >
        <span>
          Home
        </span>
      </a>
    </span>
    <span>
      <a
        href="/one"
      >
         &gt; 
        <span>
          One
        </span>
      </a>
    </span>
    <span>
      <a
        href="/one/two"
      >
         &gt; 
        <span>
          Two
        </span>
      </a>
    </span>
    <span>
      <a
        href="/one/two/three"
      >
         &gt; 
        <span>
          Three
        </span>
      </a>
    </span>
  </div>
  <span
    class="chakra-env"
    hidden=""
  />
</div>
`;
